// Jest Snapshot v1, https://goo.gl/fbAQLP

exports[`Test BarChart component should have width and height 1`] = `
[
  <View
    onLayout={[Function]}
    style={
      {
        "height": 0,
        "width": 0,
      }
    }
  />,
  <View
    accessible={true}
    onLayout={[Function]}
    style={
      {
        "height": 500,
        "width": 500,
      }
    }
  >
    <View>
      <View
        style={
          {
            "alignItems": "center",
            "flexDirection": "row",
          }
        }
      >
        <Text
          style={
            {
              "color": "#333333",
              "fontSize": 20,
              "lineHeight": 24,
              "paddingLeft": 10,
            }
          }
        >
          Sample Bar Chart
        </Text>
      </View>
      <Text
        style={
          {
            "color": "#666666",
            "fontSize": 12,
            "lineHeight": 16,
          }
        }
      >
        This is a test bar chart
      </Text>
    </View>
    <View
      className="VictoryContainer"
      onMoveShouldSetResponder={[Function]}
      onMoveShouldSetResponderCapture={[Function]}
      onResponderEnd={[Function]}
      onResponderGrant={[Function]}
      onResponderMove={[Function]}
      onResponderReject={[Function]}
      onResponderRelease={[Function]}
      onResponderStart={[Function]}
      onResponderTerminate={[Function]}
      onResponderTerminationRequest={[Function]}
      onStartShouldSetResponder={[Function]}
      onStartShouldSetResponderCapture={[Function]}
      pointerEvents="box-none"
      style={
        {
          "position": "relative",
        }
      }
    >
      <RNSVGSvgView
        align="xMidYMid"
        bbHeight="500"
        bbWidth="750"
        focusable={false}
        height={500}
        meetOrSlice={0}
        minX={0}
        minY={0}
        role="img"
        style={
          [
            {
              "backgroundColor": "transparent",
              "borderWidth": 0,
            },
            {
              "height": "100%",
              "width": "100%",
            },
            {
              "flex": 0,
              "height": 500,
              "width": 750,
            },
          ]
        }
        vbHeight={500}
        vbWidth={750}
        width={750}
      >
        <RNSVGGroup
          fill={
            {
              "payload": 4278190080,
              "type": 0,
            }
          }
        >
          <RNSVGRect
            fill={null}
            height="500"
            propList={
              [
                "fill",
              ]
            }
            width="750"
            x="0"
            y="0"
          />
          <RNSVGGroup
            fill={
              {
                "payload": 4278190080,
                "type": 0,
              }
            }
          >
            <RNSVGRect
              fill={null}
              height="54.6"
              propList={
                [
                  "fill",
                ]
              }
              vectorEffect={1}
              width="115.05625"
              x="0"
              y="0"
            />
            <RNSVGPath
              d="M 62, 42
      m -4.8, 0
      a 4.8, 4.8 0 1,0 9.6,0
      a 4.8, 4.8 0 1,0 -9.6,0"
              fill={
                {
                  "payload": 4278190335,
                  "type": 0,
                }
              }
              propList={
                [
                  "fill",
                ]
              }
            />
            <RNSVGText
              content={null}
              dx={
                [
                  "0",
                ]
              }
              dy={[]}
              fill={
                {
                  "payload": 4278190080,
                  "type": 0,
                }
              }
              font={{}}
              name="legendData-labels-0"
              rotate={[]}
              x={
                [
                  "76.4",
                ]
              }
              y={
                [
                  "46.26",
                ]
              }
            >
              <RNSVGTSpan
                content="value"
                dx={
                  [
                    "0",
                  ]
                }
                dy={
                  [
                    "0",
                  ]
                }
                fill={
                  {
                    "payload": 4294901760,
                    "type": 0,
                  }
                }
                font={
                  {
                    "fontFamily": "Helvetica Neue",
                    "fontSize": "12",
                    "letterSpacing": "normal",
                    "textAnchor": "start",
                  }
                }
                propList={
                  [
                    "fill",
                  ]
                }
                rotate={[]}
                x={
                  [
                    "76.4",
                  ]
                }
                y={[]}
              />
            </RNSVGText>
          </RNSVGGroup>
          <RNSVGGroup
            fill={
              {
                "payload": 4278190080,
                "type": 0,
              }
            }
          >
            <RNSVGLine
              fill={
                {
                  "payload": 0,
                  "type": 0,
                }
              }
              propList={
                [
                  "fill",
                  "stroke",
                  "strokeWidth",
                  "strokeLinecap",
                  "strokeLinejoin",
                ]
              }
              stroke={
                {
                  "payload": 3008714069,
                  "type": 0,
                }
              }
              strokeLinecap={1}
              strokeLinejoin={1}
              strokeWidth="2"
              vectorEffect={1}
              x1="65"
              x2="65"
              y1="70"
              y2="450"
            />
            <RNSVGText
              content={null}
              dx={
                [
                  "0",
                ]
              }
              dy={[]}
              fill={
                {
                  "payload": 4278190080,
                  "type": 0,
                }
              }
              font={{}}
              matrix={
                [
                  6.123233995736766e-17,
                  -1,
                  1,
                  6.123233995736766e-17,
                  -445,
                  515,
                ]
              }
              name="chart-axis-1-axisLabel-0"
              rotate={[]}
              x={
                [
                  "35",
                ]
              }
              y={
                [
                  "477.825",
                ]
              }
            >
              <RNSVGTSpan
                content="category"
                dx={
                  [
                    "0",
                  ]
                }
                dy={
                  [
                    "0",
                  ]
                }
                fill={
                  {
                    "payload": 4294901760,
                    "type": 0,
                  }
                }
                font={
                  {
                    "fontFamily": "Helvetica Neue",
                    "fontSize": "15",
                    "letterSpacing": "normal",
                    "textAnchor": "middle",
                  }
                }
                propList={
                  [
                    "fill",
                  ]
                }
                rotate={[]}
                x={
                  [
                    "35",
                  ]
                }
                y={[]}
              />
            </RNSVGText>
            <RNSVGGroup
              fill={
                {
                  "payload": 4278190080,
                  "type": 0,
                }
              }
            >
              <RNSVGLine
                fill={null}
                propList={
                  [
                    "fill",
                    "stroke",
                    "strokeDasharray",
                    "strokeLinecap",
                    "strokeLinejoin",
                  ]
                }
                stroke={
                  {
                    "payload": 861230421,
                    "type": 0,
                  }
                }
                strokeDasharray={
                  [
                    "16",
                    "4",
                  ]
                }
                strokeLinecap={1}
                strokeLinejoin={1}
                vectorEffect={1}
                x1="65"
                x2="725"
                y1="450"
                y2="450"
              />
              <RNSVGLine
                fill={
                  {
                    "payload": 0,
                    "type": 0,
                  }
                }
                propList={
                  [
                    "fill",
                    "stroke",
                    "strokeWidth",
                    "strokeLinecap",
                    "strokeLinejoin",
                  ]
                }
                stroke={
                  {
                    "payload": 861230421,
                    "type": 0,
                  }
                }
                strokeLinecap={1}
                strokeLinejoin={1}
                strokeWidth="1"
                vectorEffect={1}
                x1="65"
                x2="60"
                y1="450"
                y2="450"
              />
              <RNSVGText
                content={null}
                dx={
                  [
                    "0",
                  ]
                }
                dy={[]}
                fill={
                  {
                    "payload": 4278190080,
                    "type": 0,
                  }
                }
                font={{}}
                name="chart-axis-1-tickLabels-0"
                rotate={[]}
                x={
                  [
                    "52",
                  ]
                }
                y={
                  [
                    "474.26",
                  ]
                }
              >
                <RNSVGTSpan
                  content="Category 1"
                  dx={
                    [
                      "0",
                    ]
                  }
                  dy={
                    [
                      "0",
                    ]
                  }
                  fill={
                    {
                      "payload": 4294901760,
                      "type": 0,
                    }
                  }
                  font={
                    {
                      "fontFamily": "Helvetica Neue",
                      "fontSize": "12",
                      "letterSpacing": "normal",
                      "textAnchor": "end",
                    }
                  }
                  propList={
                    [
                      "fill",
                      "stroke",
                      "strokeWidth",
                    ]
                  }
                  rotate={[]}
                  stroke={
                    {
                      "payload": 861230421,
                      "type": 0,
                    }
                  }
                  strokeWidth="0"
                  x={
                    [
                      "52",
                    ]
                  }
                  y={[]}
                />
              </RNSVGText>
            </RNSVGGroup>
            <RNSVGGroup
              fill={
                {
                  "payload": 4278190080,
                  "type": 0,
                }
              }
            >
              <RNSVGLine
                fill={null}
                propList={
                  [
                    "fill",
                    "stroke",
                    "strokeDasharray",
                    "strokeLinecap",
                    "strokeLinejoin",
                  ]
                }
                stroke={
                  {
                    "payload": 861230421,
                    "type": 0,
                  }
                }
                strokeDasharray={
                  [
                    "16",
                    "4",
                  ]
                }
                strokeLinecap={1}
                strokeLinejoin={1}
                vectorEffect={1}
                x1="65"
                x2="725"
                y1="280.52925634179525"
                y2="280.52925634179525"
              />
              <RNSVGLine
                fill={
                  {
                    "payload": 0,
                    "type": 0,
                  }
                }
                propList={
                  [
                    "fill",
                    "stroke",
                    "strokeWidth",
                    "strokeLinecap",
                    "strokeLinejoin",
                  ]
                }
                stroke={
                  {
                    "payload": 861230421,
                    "type": 0,
                  }
                }
                strokeLinecap={1}
                strokeLinejoin={1}
                strokeWidth="1"
                vectorEffect={1}
                x1="65"
                x2="60"
                y1="280.52925634179525"
                y2="280.52925634179525"
              />
              <RNSVGText
                content={null}
                dx={
                  [
                    "0",
                  ]
                }
                dy={[]}
                fill={
                  {
                    "payload": 4278190080,
                    "type": 0,
                  }
                }
                font={{}}
                name="chart-axis-1-tickLabels-1"
                rotate={[]}
                x={
                  [
                    "52",
                  ]
                }
                y={
                  [
                    "474.26",
                  ]
                }
              >
                <RNSVGTSpan
                  content="Category 2"
                  dx={
                    [
                      "0",
                    ]
                  }
                  dy={
                    [
                      "0",
                    ]
                  }
                  fill={
                    {
                      "payload": 4294901760,
                      "type": 0,
                    }
                  }
                  font={
                    {
                      "fontFamily": "Helvetica Neue",
                      "fontSize": "12",
                      "letterSpacing": "normal",
                      "textAnchor": "end",
                    }
                  }
                  propList={
                    [
                      "fill",
                      "stroke",
                      "strokeWidth",
                    ]
                  }
                  rotate={[]}
                  stroke={
                    {
                      "payload": 861230421,
                      "type": 0,
                    }
                  }
                  strokeWidth="0"
                  x={
                    [
                      "52",
                    ]
                  }
                  y={[]}
                />
              </RNSVGText>
            </RNSVGGroup>
            <RNSVGGroup
              fill={
                {
                  "payload": 4278190080,
                  "type": 0,
                }
              }
            >
              <RNSVGLine
                fill={null}
                propList={
                  [
                    "fill",
                    "stroke",
                    "strokeDasharray",
                    "strokeLinecap",
                    "strokeLinejoin",
                  ]
                }
                stroke={
                  {
                    "payload": 861230421,
                    "type": 0,
                  }
                }
                strokeDasharray={
                  [
                    "16",
                    "4",
                  ]
                }
                strokeLinecap={1}
                strokeLinejoin={1}
                vectorEffect={1}
                x1="65"
                x2="725"
                y1="111.05851268359046"
                y2="111.05851268359046"
              />
              <RNSVGLine
                fill={
                  {
                    "payload": 0,
                    "type": 0,
                  }
                }
                propList={
                  [
                    "fill",
                    "stroke",
                    "strokeWidth",
                    "strokeLinecap",
                    "strokeLinejoin",
                  ]
                }
                stroke={
                  {
                    "payload": 861230421,
                    "type": 0,
                  }
                }
                strokeLinecap={1}
                strokeLinejoin={1}
                strokeWidth="1"
                vectorEffect={1}
                x1="65"
                x2="60"
                y1="111.05851268359046"
                y2="111.05851268359046"
              />
              <RNSVGText
                content={null}
                dx={
                  [
                    "0",
                  ]
                }
                dy={[]}
                fill={
                  {
                    "payload": 4278190080,
                    "type": 0,
                  }
                }
                font={{}}
                name="chart-axis-1-tickLabels-2"
                rotate={[]}
                x={
                  [
                    "52",
                  ]
                }
                y={
                  [
                    "474.26",
                  ]
                }
              >
                <RNSVGTSpan
                  content="Category 3"
                  dx={
                    [
                      "0",
                    ]
                  }
                  dy={
                    [
                      "0",
                    ]
                  }
                  fill={
                    {
                      "payload": 4294901760,
                      "type": 0,
                    }
                  }
                  font={
                    {
                      "fontFamily": "Helvetica Neue",
                      "fontSize": "12",
                      "letterSpacing": "normal",
                      "textAnchor": "end",
                    }
                  }
                  propList={
                    [
                      "fill",
                      "stroke",
                      "strokeWidth",
                    ]
                  }
                  rotate={[]}
                  stroke={
                    {
                      "payload": 861230421,
                      "type": 0,
                    }
                  }
                  strokeWidth="0"
                  x={
                    [
                      "52",
                    ]
                  }
                  y={[]}
                />
              </RNSVGText>
            </RNSVGGroup>
          </RNSVGGroup>
          <RNSVGGroup
            fill={
              {
                "payload": 4278190080,
                "type": 0,
              }
            }
          >
            <RNSVGLine
              fill={
                {
                  "payload": 0,
                  "type": 0,
                }
              }
              propList={
                [
                  "fill",
                  "stroke",
                  "strokeWidth",
                  "strokeLinecap",
                  "strokeLinejoin",
                ]
              }
              stroke={
                {
                  "payload": 3008714069,
                  "type": 0,
                }
              }
              strokeLinecap={1}
              strokeLinejoin={1}
              strokeWidth="2"
              vectorEffect={1}
              x1="65"
              x2="65"
              y1="70"
              y2="450"
            />
            <RNSVGText
              content={null}
              dx={
                [
                  "0",
                ]
              }
              dy={[]}
              fill={
                {
                  "payload": 4278190080,
                  "type": 0,
                }
              }
              font={{}}
              matrix={
                [
                  6.123233995736766e-17,
                  -1,
                  1,
                  6.123233995736766e-17,
                  -240,
                  280,
                ]
              }
              name="chart-axis-2-axisLabel-0"
              rotate={[]}
              x={
                [
                  "20",
                ]
              }
              y={
                [
                  "257.825",
                ]
              }
            >
              <RNSVGTSpan
                content="value"
                dx={
                  [
                    "0",
                  ]
                }
                dy={
                  [
                    "0",
                  ]
                }
                fill={
                  {
                    "payload": 4294901760,
                    "type": 0,
                  }
                }
                font={
                  {
                    "fontFamily": "Helvetica Neue",
                    "fontSize": "15",
                    "letterSpacing": "normal",
                    "textAnchor": "middle",
                  }
                }
                propList={
                  [
                    "fill",
                  ]
                }
                rotate={[]}
                x={
                  [
                    "20",
                  ]
                }
                y={[]}
              />
            </RNSVGText>
            <RNSVGGroup
              fill={
                {
                  "payload": 4278190080,
                  "type": 0,
                }
              }
            >
              <RNSVGLine
                fill={null}
                propList={
                  [
                    "fill",
                    "stroke",
                    "strokeDasharray",
                    "strokeLinecap",
                    "strokeLinejoin",
                  ]
                }
                stroke={
                  {
                    "payload": 861230421,
                    "type": 0,
                  }
                }
                strokeDasharray={
                  [
                    "16",
                    "4",
                  ]
                }
                strokeLinecap={1}
                strokeLinejoin={1}
                vectorEffect={1}
                x1="65"
                x2="725"
                y1="65"
                y2="65"
              />
              <RNSVGLine
                fill={
                  {
                    "payload": 0,
                    "type": 0,
                  }
                }
                propList={
                  [
                    "fill",
                    "stroke",
                    "strokeWidth",
                    "strokeLinecap",
                    "strokeLinejoin",
                  ]
                }
                stroke={
                  {
                    "payload": 861230421,
                    "type": 0,
                  }
                }
                strokeLinecap={1}
                strokeLinejoin={1}
                strokeWidth="1"
                vectorEffect={1}
                x1="65"
                x2="60"
                y1="65"
                y2="65"
              />
              <RNSVGText
                content={null}
                dx={
                  [
                    "0",
                  ]
                }
                dy={[]}
                fill={
                  {
                    "payload": 4278190080,
                    "type": 0,
                  }
                }
                font={{}}
                name="chart-axis-2-tickLabels-0"
                rotate={[]}
                x={
                  [
                    "50",
                  ]
                }
                y={
                  [
                    "69.26",
                  ]
                }
              >
                <RNSVGTSpan
                  content="0"
                  dx={
                    [
                      "0",
                    ]
                  }
                  dy={
                    [
                      "0",
                    ]
                  }
                  fill={
                    {
                      "payload": 4294901760,
                      "type": 0,
                    }
                  }
                  font={
                    {
                      "fontFamily": "Helvetica Neue",
                      "fontSize": "12",
                      "letterSpacing": "normal",
                      "textAnchor": "end",
                    }
                  }
                  propList={
                    [
                      "fill",
                      "stroke",
                      "strokeWidth",
                    ]
                  }
                  rotate={[]}
                  stroke={
                    {
                      "payload": 861230421,
                      "type": 0,
                    }
                  }
                  strokeWidth="0"
                  x={
                    [
                      "50",
                    ]
                  }
                  y={[]}
                />
              </RNSVGText>
            </RNSVGGroup>
            <RNSVGGroup
              fill={
                {
                  "payload": 4278190080,
                  "type": 0,
                }
              }
            >
              <RNSVGLine
                fill={null}
                propList={
                  [
                    "fill",
                    "stroke",
                    "strokeDasharray",
                    "strokeLinecap",
                    "strokeLinejoin",
                  ]
                }
                stroke={
                  {
                    "payload": 861230421,
                    "type": 0,
                  }
                }
                strokeDasharray={
                  [
                    "16",
                    "4",
                  ]
                }
                strokeLinecap={1}
                strokeLinejoin={1}
                vectorEffect={1}
                x1="65"
                x2="725"
                y1="175"
                y2="175"
              />
              <RNSVGLine
                fill={
                  {
                    "payload": 0,
                    "type": 0,
                  }
                }
                propList={
                  [
                    "fill",
                    "stroke",
                    "strokeWidth",
                    "strokeLinecap",
                    "strokeLinejoin",
                  ]
                }
                stroke={
                  {
                    "payload": 861230421,
                    "type": 0,
                  }
                }
                strokeLinecap={1}
                strokeLinejoin={1}
                strokeWidth="1"
                vectorEffect={1}
                x1="65"
                x2="60"
                y1="175"
                y2="175"
              />
              <RNSVGText
                content={null}
                dx={
                  [
                    "0",
                  ]
                }
                dy={[]}
                fill={
                  {
                    "payload": 4278190080,
                    "type": 0,
                  }
                }
                font={{}}
                name="chart-axis-2-tickLabels-1"
                rotate={[]}
                x={
                  [
                    "50",
                  ]
                }
                y={
                  [
                    "179.26",
                  ]
                }
              >
                <RNSVGTSpan
                  content="5"
                  dx={
                    [
                      "0",
                    ]
                  }
                  dy={
                    [
                      "0",
                    ]
                  }
                  fill={
                    {
                      "payload": 4294901760,
                      "type": 0,
                    }
                  }
                  font={
                    {
                      "fontFamily": "Helvetica Neue",
                      "fontSize": "12",
                      "letterSpacing": "normal",
                      "textAnchor": "end",
                    }
                  }
                  propList={
                    [
                      "fill",
                      "stroke",
                      "strokeWidth",
                    ]
                  }
                  rotate={[]}
                  stroke={
                    {
                      "payload": 861230421,
                      "type": 0,
                    }
                  }
                  strokeWidth="0"
                  x={
                    [
                      "50",
                    ]
                  }
                  y={[]}
                />
              </RNSVGText>
            </RNSVGGroup>
            <RNSVGGroup
              fill={
                {
                  "payload": 4278190080,
                  "type": 0,
                }
              }
            >
              <RNSVGLine
                fill={null}
                propList={
                  [
                    "fill",
                    "stroke",
                    "strokeDasharray",
                    "strokeLinecap",
                    "strokeLinejoin",
                  ]
                }
                stroke={
                  {
                    "payload": 861230421,
                    "type": 0,
                  }
                }
                strokeDasharray={
                  [
                    "16",
                    "4",
                  ]
                }
                strokeLinecap={1}
                strokeLinejoin={1}
                vectorEffect={1}
                x1="65"
                x2="725"
                y1="285"
                y2="285"
              />
              <RNSVGLine
                fill={
                  {
                    "payload": 0,
                    "type": 0,
                  }
                }
                propList={
                  [
                    "fill",
                    "stroke",
                    "strokeWidth",
                    "strokeLinecap",
                    "strokeLinejoin",
                  ]
                }
                stroke={
                  {
                    "payload": 861230421,
                    "type": 0,
                  }
                }
                strokeLinecap={1}
                strokeLinejoin={1}
                strokeWidth="1"
                vectorEffect={1}
                x1="65"
                x2="60"
                y1="285"
                y2="285"
              />
              <RNSVGText
                content={null}
                dx={
                  [
                    "0",
                  ]
                }
                dy={[]}
                fill={
                  {
                    "payload": 4278190080,
                    "type": 0,
                  }
                }
                font={{}}
                name="chart-axis-2-tickLabels-2"
                rotate={[]}
                x={
                  [
                    "50",
                  ]
                }
                y={
                  [
                    "289.26",
                  ]
                }
              >
                <RNSVGTSpan
                  content="10"
                  dx={
                    [
                      "0",
                    ]
                  }
                  dy={
                    [
                      "0",
                    ]
                  }
                  fill={
                    {
                      "payload": 4294901760,
                      "type": 0,
                    }
                  }
                  font={
                    {
                      "fontFamily": "Helvetica Neue",
                      "fontSize": "12",
                      "letterSpacing": "normal",
                      "textAnchor": "end",
                    }
                  }
                  propList={
                    [
                      "fill",
                      "stroke",
                      "strokeWidth",
                    ]
                  }
                  rotate={[]}
                  stroke={
                    {
                      "payload": 861230421,
                      "type": 0,
                    }
                  }
                  strokeWidth="0"
                  x={
                    [
                      "50",
                    ]
                  }
                  y={[]}
                />
              </RNSVGText>
            </RNSVGGroup>
            <RNSVGGroup
              fill={
                {
                  "payload": 4278190080,
                  "type": 0,
                }
              }
            >
              <RNSVGLine
                fill={null}
                propList={
                  [
                    "fill",
                    "stroke",
                    "strokeDasharray",
                    "strokeLinecap",
                    "strokeLinejoin",
                  ]
                }
                stroke={
                  {
                    "payload": 861230421,
                    "type": 0,
                  }
                }
                strokeDasharray={
                  [
                    "16",
                    "4",
                  ]
                }
                strokeLinecap={1}
                strokeLinejoin={1}
                vectorEffect={1}
                x1="65"
                x2="725"
                y1="395"
                y2="395"
              />
              <RNSVGLine
                fill={
                  {
                    "payload": 0,
                    "type": 0,
                  }
                }
                propList={
                  [
                    "fill",
                    "stroke",
                    "strokeWidth",
                    "strokeLinecap",
                    "strokeLinejoin",
                  ]
                }
                stroke={
                  {
                    "payload": 861230421,
                    "type": 0,
                  }
                }
                strokeLinecap={1}
                strokeLinejoin={1}
                strokeWidth="1"
                vectorEffect={1}
                x1="65"
                x2="60"
                y1="395"
                y2="395"
              />
              <RNSVGText
                content={null}
                dx={
                  [
                    "0",
                  ]
                }
                dy={[]}
                fill={
                  {
                    "payload": 4278190080,
                    "type": 0,
                  }
                }
                font={{}}
                name="chart-axis-2-tickLabels-3"
                rotate={[]}
                x={
                  [
                    "50",
                  ]
                }
                y={
                  [
                    "399.26",
                  ]
                }
              >
                <RNSVGTSpan
                  content="15"
                  dx={
                    [
                      "0",
                    ]
                  }
                  dy={
                    [
                      "0",
                    ]
                  }
                  fill={
                    {
                      "payload": 4294901760,
                      "type": 0,
                    }
                  }
                  font={
                    {
                      "fontFamily": "Helvetica Neue",
                      "fontSize": "12",
                      "letterSpacing": "normal",
                      "textAnchor": "end",
                    }
                  }
                  propList={
                    [
                      "fill",
                      "stroke",
                      "strokeWidth",
                    ]
                  }
                  rotate={[]}
                  stroke={
                    {
                      "payload": 861230421,
                      "type": 0,
                    }
                  }
                  strokeWidth="0"
                  x={
                    [
                      "50",
                    ]
                  }
                  y={[]}
                />
              </RNSVGText>
            </RNSVGGroup>
            <RNSVGGroup
              fill={
                {
                  "payload": 4278190080,
                  "type": 0,
                }
              }
            >
              <RNSVGLine
                fill={null}
                propList={
                  [
                    "fill",
                    "stroke",
                    "strokeDasharray",
                    "strokeLinecap",
                    "strokeLinejoin",
                  ]
                }
                stroke={
                  {
                    "payload": 861230421,
                    "type": 0,
                  }
                }
                strokeDasharray={
                  [
                    "16",
                    "4",
                  ]
                }
                strokeLinecap={1}
                strokeLinejoin={1}
                vectorEffect={1}
                x1="65"
                x2="725"
                y1="505"
                y2="505"
              />
              <RNSVGLine
                fill={
                  {
                    "payload": 0,
                    "type": 0,
                  }
                }
                propList={
                  [
                    "fill",
                    "stroke",
                    "strokeWidth",
                    "strokeLinecap",
                    "strokeLinejoin",
                  ]
                }
                stroke={
                  {
                    "payload": 861230421,
                    "type": 0,
                  }
                }
                strokeLinecap={1}
                strokeLinejoin={1}
                strokeWidth="1"
                vectorEffect={1}
                x1="65"
                x2="60"
                y1="505"
                y2="505"
              />
              <RNSVGText
                content={null}
                dx={
                  [
                    "0",
                  ]
                }
                dy={[]}
                fill={
                  {
                    "payload": 4278190080,
                    "type": 0,
                  }
                }
                font={{}}
                name="chart-axis-2-tickLabels-4"
                rotate={[]}
                x={
                  [
                    "50",
                  ]
                }
                y={
                  [
                    "509.26",
                  ]
                }
              >
                <RNSVGTSpan
                  content="20"
                  dx={
                    [
                      "0",
                    ]
                  }
                  dy={
                    [
                      "0",
                    ]
                  }
                  fill={
                    {
                      "payload": 4294901760,
                      "type": 0,
                    }
                  }
                  font={
                    {
                      "fontFamily": "Helvetica Neue",
                      "fontSize": "12",
                      "letterSpacing": "normal",
                      "textAnchor": "end",
                    }
                  }
                  propList={
                    [
                      "fill",
                      "stroke",
                      "strokeWidth",
                    ]
                  }
                  rotate={[]}
                  stroke={
                    {
                      "payload": 861230421,
                      "type": 0,
                    }
                  }
                  strokeWidth="0"
                  x={
                    [
                      "50",
                    ]
                  }
                  y={[]}
                />
              </RNSVGText>
            </RNSVGGroup>
            <RNSVGGroup
              fill={
                {
                  "payload": 4278190080,
                  "type": 0,
                }
              }
            >
              <RNSVGLine
                fill={null}
                propList={
                  [
                    "fill",
                    "stroke",
                    "strokeDasharray",
                    "strokeLinecap",
                    "strokeLinejoin",
                  ]
                }
                stroke={
                  {
                    "payload": 861230421,
                    "type": 0,
                  }
                }
                strokeDasharray={
                  [
                    "16",
                    "4",
                  ]
                }
                strokeLinecap={1}
                strokeLinejoin={1}
                vectorEffect={1}
                x1="65"
                x2="725"
                y1="615.0000000000001"
                y2="615.0000000000001"
              />
              <RNSVGLine
                fill={
                  {
                    "payload": 0,
                    "type": 0,
                  }
                }
                propList={
                  [
                    "fill",
                    "stroke",
                    "strokeWidth",
                    "strokeLinecap",
                    "strokeLinejoin",
                  ]
                }
                stroke={
                  {
                    "payload": 861230421,
                    "type": 0,
                  }
                }
                strokeLinecap={1}
                strokeLinejoin={1}
                strokeWidth="1"
                vectorEffect={1}
                x1="65"
                x2="60"
                y1="615.0000000000001"
                y2="615.0000000000001"
              />
              <RNSVGText
                content={null}
                dx={
                  [
                    "0",
                  ]
                }
                dy={[]}
                fill={
                  {
                    "payload": 4278190080,
                    "type": 0,
                  }
                }
                font={{}}
                name="chart-axis-2-tickLabels-5"
                rotate={[]}
                x={
                  [
                    "50",
                  ]
                }
                y={
                  [
                    "619.2600000000001",
                  ]
                }
              >
                <RNSVGTSpan
                  content="25"
                  dx={
                    [
                      "0",
                    ]
                  }
                  dy={
                    [
                      "0",
                    ]
                  }
                  fill={
                    {
                      "payload": 4294901760,
                      "type": 0,
                    }
                  }
                  font={
                    {
                      "fontFamily": "Helvetica Neue",
                      "fontSize": "12",
                      "letterSpacing": "normal",
                      "textAnchor": "end",
                    }
                  }
                  propList={
                    [
                      "fill",
                      "stroke",
                      "strokeWidth",
                    ]
                  }
                  rotate={[]}
                  stroke={
                    {
                      "payload": 861230421,
                      "type": 0,
                    }
                  }
                  strokeWidth="0"
                  x={
                    [
                      "50",
                    ]
                  }
                  y={[]}
                />
              </RNSVGText>
            </RNSVGGroup>
            <RNSVGGroup
              fill={
                {
                  "payload": 4278190080,
                  "type": 0,
                }
              }
            >
              <RNSVGLine
                fill={null}
                propList={
                  [
                    "fill",
                    "stroke",
                    "strokeDasharray",
                    "strokeLinecap",
                    "strokeLinejoin",
                  ]
                }
                stroke={
                  {
                    "payload": 861230421,
                    "type": 0,
                  }
                }
                strokeDasharray={
                  [
                    "16",
                    "4",
                  ]
                }
                strokeLinecap={1}
                strokeLinejoin={1}
                vectorEffect={1}
                x1="65"
                x2="725"
                y1="725"
                y2="725"
              />
              <RNSVGLine
                fill={
                  {
                    "payload": 0,
                    "type": 0,
                  }
                }
                propList={
                  [
                    "fill",
                    "stroke",
                    "strokeWidth",
                    "strokeLinecap",
                    "strokeLinejoin",
                  ]
                }
                stroke={
                  {
                    "payload": 861230421,
                    "type": 0,
                  }
                }
                strokeLinecap={1}
                strokeLinejoin={1}
                strokeWidth="1"
                vectorEffect={1}
                x1="65"
                x2="60"
                y1="725"
                y2="725"
              />
              <RNSVGText
                content={null}
                dx={
                  [
                    "0",
                  ]
                }
                dy={[]}
                fill={
                  {
                    "payload": 4278190080,
                    "type": 0,
                  }
                }
                font={{}}
                name="chart-axis-2-tickLabels-6"
                rotate={[]}
                x={
                  [
                    "50",
                  ]
                }
                y={
                  [
                    "729.26",
                  ]
                }
              >
                <RNSVGTSpan
                  content="30"
                  dx={
                    [
                      "0",
                    ]
                  }
                  dy={
                    [
                      "0",
                    ]
                  }
                  fill={
                    {
                      "payload": 4294901760,
                      "type": 0,
                    }
                  }
                  font={
                    {
                      "fontFamily": "Helvetica Neue",
                      "fontSize": "12",
                      "letterSpacing": "normal",
                      "textAnchor": "end",
                    }
                  }
                  propList={
                    [
                      "fill",
                      "stroke",
                      "strokeWidth",
                    ]
                  }
                  rotate={[]}
                  stroke={
                    {
                      "payload": 861230421,
                      "type": 0,
                    }
                  }
                  strokeWidth="0"
                  x={
                    [
                      "50",
                    ]
                  }
                  y={[]}
                />
              </RNSVGText>
            </RNSVGGroup>
          </RNSVGGroup>
          <RNSVGGroup
            fill={
              {
                "payload": 4278190080,
                "type": 0,
              }
            }
          >
            <RNSVGGroup
              fill={
                {
                  "payload": 4278190080,
                  "type": 0,
                }
              }
            >
              <RNSVGPath
                d="M 65, 450 
A 0 0 0 0 1, 65, 450 
L 65, 387 
A 0 0 0 0 1, 65, 387 
L 285, 387 
A 0 0 0 0 1, 285, 387 
L 285, 450 
A 0 0 0 0 1, 285, 450 
 z"
                fill={
                  {
                    "payload": 4278190335,
                    "type": 0,
                  }
                }
                onResponderGrant={[Function]}
                onResponderMove={[Function]}
                onResponderRelease={[Function]}
                onResponderTerminate={[Function]}
                onResponderTerminationRequest={[Function]}
                onStartShouldSetResponder={[Function]}
                propList={
                  [
                    "fill",
                    "stroke",
                    "strokeWidth",
                  ]
                }
                responsible={true}
                stroke={
                  {
                    "payload": 4278190335,
                    "type": 0,
                  }
                }
                strokeWidth="0"
              />
              <RNSVGPath
                d="M 65, 280.52925634179525 
A 0 0 0 0 1, 65, 280.52925634179525 
L 65, 217.52925634179525 
A 0 0 0 0 1, 65, 217.52925634179525 
L 505, 217.52925634179525 
A 0 0 0 0 1, 505, 217.52925634179525 
L 505, 280.52925634179525 
A 0 0 0 0 1, 505, 280.52925634179525 
 z"
                fill={
                  {
                    "payload": 4278222848,
                    "type": 0,
                  }
                }
                onResponderGrant={[Function]}
                onResponderMove={[Function]}
                onResponderRelease={[Function]}
                onResponderTerminate={[Function]}
                onResponderTerminationRequest={[Function]}
                onStartShouldSetResponder={[Function]}
                propList={
                  [
                    "fill",
                    "stroke",
                    "strokeWidth",
                  ]
                }
                responsible={true}
                stroke={
                  {
                    "payload": 4278222848,
                    "type": 0,
                  }
                }
                strokeWidth="0"
              />
              <RNSVGPath
                d="M 65, 111.05851268359046 
A 0 0 0 0 1, 65, 111.05851268359046 
L 65, 48.058512683590465 
A 0 0 0 0 1, 65, 48.058512683590465 
L 725, 48.058512683590465 
A 0 0 0 0 1, 725, 48.058512683590465 
L 725, 111.05851268359046 
A 0 0 0 0 1, 725, 111.05851268359046 
 z"
                fill={
                  {
                    "payload": 4294901760,
                    "type": 0,
                  }
                }
                onResponderGrant={[Function]}
                onResponderMove={[Function]}
                onResponderRelease={[Function]}
                onResponderTerminate={[Function]}
                onResponderTerminationRequest={[Function]}
                onStartShouldSetResponder={[Function]}
                propList={
                  [
                    "fill",
                    "stroke",
                    "strokeWidth",
                  ]
                }
                responsible={true}
                stroke={
                  {
                    "payload": 4294901760,
                    "type": 0,
                  }
                }
                strokeWidth="0"
              />
              <RNSVGText
                content={null}
                dx={
                  [
                    "8",
                  ]
                }
                dy={[]}
                fill={
                  {
                    "payload": 4278190080,
                    "type": 0,
                  }
                }
                font={{}}
                name="chart-group-3-bar-0-labels-0"
                rotate={[]}
                x={
                  [
                    "285",
                  ]
                }
                y={
                  [
                    "454.26",
                  ]
                }
              >
                <RNSVGTSpan
                  content="10"
                  dx={
                    [
                      "8",
                    ]
                  }
                  dy={
                    [
                      "0",
                    ]
                  }
                  fill={
                    {
                      "payload": 4294901760,
                      "type": 0,
                    }
                  }
                  font={
                    {
                      "fontFamily": "Helvetica Neue",
                      "fontSize": "12",
                      "letterSpacing": "normal",
                      "textAnchor": "start",
                    }
                  }
                  propList={
                    [
                      "fill",
                    ]
                  }
                  rotate={[]}
                  x={
                    [
                      "285",
                    ]
                  }
                  y={[]}
                />
              </RNSVGText>
              <RNSVGText
                content={null}
                dx={
                  [
                    "8",
                  ]
                }
                dy={[]}
                fill={
                  {
                    "payload": 4278190080,
                    "type": 0,
                  }
                }
                font={{}}
                name="chart-group-3-bar-0-labels-1"
                rotate={[]}
                x={
                  [
                    "505",
                  ]
                }
                y={
                  [
                    "284.78925634179524",
                  ]
                }
              >
                <RNSVGTSpan
                  content="20"
                  dx={
                    [
                      "8",
                    ]
                  }
                  dy={
                    [
                      "0",
                    ]
                  }
                  fill={
                    {
                      "payload": 4294901760,
                      "type": 0,
                    }
                  }
                  font={
                    {
                      "fontFamily": "Helvetica Neue",
                      "fontSize": "12",
                      "letterSpacing": "normal",
                      "textAnchor": "start",
                    }
                  }
                  propList={
                    [
                      "fill",
                    ]
                  }
                  rotate={[]}
                  x={
                    [
                      "505",
                    ]
                  }
                  y={[]}
                />
              </RNSVGText>
              <RNSVGText
                content={null}
                dx={
                  [
                    "8",
                  ]
                }
                dy={[]}
                fill={
                  {
                    "payload": 4278190080,
                    "type": 0,
                  }
                }
                font={{}}
                name="chart-group-3-bar-0-labels-2"
                rotate={[]}
                x={
                  [
                    "725",
                  ]
                }
                y={
                  [
                    "115.31851268359047",
                  ]
                }
              >
                <RNSVGTSpan
                  content="30"
                  dx={
                    [
                      "8",
                    ]
                  }
                  dy={
                    [
                      "0",
                    ]
                  }
                  fill={
                    {
                      "payload": 4294901760,
                      "type": 0,
                    }
                  }
                  font={
                    {
                      "fontFamily": "Helvetica Neue",
                      "fontSize": "12",
                      "letterSpacing": "normal",
                      "textAnchor": "start",
                    }
                  }
                  propList={
                    [
                      "fill",
                    ]
                  }
                  rotate={[]}
                  x={
                    [
                      "725",
                    ]
                  }
                  y={[]}
                />
              </RNSVGText>
            </RNSVGGroup>
          </RNSVGGroup>
          <View
            pointerEvents="box-none"
            style={
              {
                "left": 0,
                "position": "absolute",
                "top": 0,
                "zIndex": 99,
              }
            }
          >
            <RNSVGSvgView
              align="xMidYMid"
              bbHeight="500"
              bbWidth="750"
              focusable={false}
              height={500}
              meetOrSlice={0}
              minX={0}
              minY={0}
              style={
                [
                  {
                    "backgroundColor": "transparent",
                    "borderWidth": 0,
                  },
                  {
                    "height": "100%",
                    "overflow": "visible",
                    "width": "100%",
                  },
                  {
                    "flex": 0,
                    "height": 500,
                    "width": 750,
                  },
                ]
              }
              vbHeight={500}
              vbWidth={750}
              width={750}
            >
              <RNSVGGroup
                fill={
                  {
                    "payload": 4278190080,
                    "type": 0,
                  }
                }
              />
            </RNSVGSvgView>
          </View>
        </RNSVGGroup>
      </RNSVGSvgView>
    </View>
  </View>,
]
`;
