// Jest Snapshot v1, https://goo.gl/fbAQLP

exports[`WmRadioset renders correctly with default props 1`] = `
<RCTScrollView
  collapsable={false}
  handlerTag={1}
  handlerType="NativeViewGestureHandler"
  onGestureHandlerEvent={[Function]}
  onGestureHandlerStateChange={[Function]}
  style={
    {
      "color": "#4263eb",
    }
  }
  waitFor={
    [
      {
        "current": null,
      },
    ]
  }
>
  <View>
    <RCTScrollView
      collapsable={false}
      handlerTag={2}
      handlerType="NativeViewGestureHandler"
      horizontal={true}
      onGestureHandlerEvent={[Function]}
      onGestureHandlerStateChange={[Function]}
      waitFor={
        [
          {
            "current": null,
          },
        ]
      }
    >
      <View>
        <View
          accessibilityRole="radiogroup"
        >
          <View>
            <Text
              style={
                {
                  "backgroundColor": "transparent",
                  "fontFamily": "Roboto",
                  "fontSize": 16,
                  "lineHeight": 40,
                  "paddingLeft": 8,
                  "paddingRight": 8,
                }
              }
            >
              g1
            </Text>
            <View
              style={{}}
            >
              <View
                accessibilityState={
                  {
                    "busy": undefined,
                    "checked": undefined,
                    "disabled": undefined,
                    "expanded": undefined,
                    "selected": undefined,
                  }
                }
                accessibilityValue={
                  {
                    "max": undefined,
                    "min": undefined,
                    "now": undefined,
                    "text": undefined,
                  }
                }
                accessible={false}
                collapsable={false}
                focusable={true}
                onClick={[Function]}
                onResponderGrant={[Function]}
                onResponderMove={[Function]}
                onResponderRelease={[Function]}
                onResponderTerminate={[Function]}
                onResponderTerminationRequest={[Function]}
                onStartShouldSetResponder={[Function]}
                style={
                  {
                    "alignContent": "center",
                    "flexDirection": "row",
                    "marginRight": -20,
                    "marginTop": 8,
                    "opacity": 1,
                    "width": "100%",
                  }
                }
                testID="undefined_a"
              >
                <View>
                  <View
                    style={
                      {
                        "alignItems": "center",
                        "alignSelf": "flex-start",
                        "borderColor": "#4263eb",
                        "borderRadius": 10,
                        "borderStyle": "solid",
                        "borderWidth": 2,
                        "flexDirection": "row",
                        "height": 20,
                        "width": 20,
                      }
                    }
                    testID="non_animatableView"
                  >
                    <View>
                      <View>
                        <Text
                          accessible={false}
                          size={12}
                          style={
                            [
                              {
                                "color": undefined,
                              },
                              {
                                "opacity": 0,
                                "paddingLeft": 0,
                                "paddingRight": 8,
                              },
                              {
                                "transform": [
                                  {
                                    "rotate": "0deg",
                                  },
                                ],
                              },
                            ]
                          }
                          testID="undefined_icon"
                        >
                          fiber-manual-record
                        </Text>
                      </View>
                    </View>
                  </View>
                </View>
                <Text
                  accessible={false}
                  style={
                    {
                      "alignSelf": "center",
                      "color": "#888888",
                      "fontFamily": "Roboto",
                      "fontSize": 16,
                      "marginLeft": 8,
                    }
                  }
                  testID="undefined_caption"
                >
                  name0
                </Text>
              </View>
              <View
                accessibilityState={
                  {
                    "busy": undefined,
                    "checked": undefined,
                    "disabled": undefined,
                    "expanded": undefined,
                    "selected": undefined,
                  }
                }
                accessibilityValue={
                  {
                    "max": undefined,
                    "min": undefined,
                    "now": undefined,
                    "text": undefined,
                  }
                }
                accessible={false}
                collapsable={false}
                focusable={true}
                onClick={[Function]}
                onResponderGrant={[Function]}
                onResponderMove={[Function]}
                onResponderRelease={[Function]}
                onResponderTerminate={[Function]}
                onResponderTerminationRequest={[Function]}
                onStartShouldSetResponder={[Function]}
                style={
                  {
                    "alignContent": "center",
                    "flexDirection": "row",
                    "marginRight": -20,
                    "marginTop": 8,
                    "opacity": 1,
                    "width": "100%",
                  }
                }
                testID="undefined_a"
              >
                <View>
                  <View
                    style={
                      {
                        "alignItems": "center",
                        "alignSelf": "flex-start",
                        "borderColor": "#4263eb",
                        "borderRadius": 10,
                        "borderStyle": "solid",
                        "borderWidth": 2,
                        "flexDirection": "row",
                        "height": 20,
                        "width": 20,
                      }
                    }
                    testID="non_animatableView"
                  >
                    <View>
                      <View>
                        <Text
                          accessible={false}
                          size={12}
                          style={
                            [
                              {
                                "color": undefined,
                              },
                              {
                                "opacity": 0,
                                "paddingLeft": 0,
                                "paddingRight": 8,
                              },
                              {
                                "transform": [
                                  {
                                    "rotate": "0deg",
                                  },
                                ],
                              },
                            ]
                          }
                          testID="undefined_icon"
                        >
                          fiber-manual-record
                        </Text>
                      </View>
                    </View>
                  </View>
                </View>
                <Text
                  accessible={false}
                  style={
                    {
                      "alignSelf": "center",
                      "color": "#888888",
                      "fontFamily": "Roboto",
                      "fontSize": 16,
                      "marginLeft": 8,
                    }
                  }
                  testID="undefined_caption"
                >
                  name2
                </Text>
              </View>
            </View>
          </View>
          <View>
            <Text
              style={
                {
                  "backgroundColor": "transparent",
                  "fontFamily": "Roboto",
                  "fontSize": 16,
                  "lineHeight": 40,
                  "paddingLeft": 8,
                  "paddingRight": 8,
                }
              }
            >
              g2
            </Text>
            <View
              style={{}}
            >
              <View
                accessibilityState={
                  {
                    "busy": undefined,
                    "checked": undefined,
                    "disabled": undefined,
                    "expanded": undefined,
                    "selected": undefined,
                  }
                }
                accessibilityValue={
                  {
                    "max": undefined,
                    "min": undefined,
                    "now": undefined,
                    "text": undefined,
                  }
                }
                accessible={false}
                collapsable={false}
                focusable={true}
                onClick={[Function]}
                onResponderGrant={[Function]}
                onResponderMove={[Function]}
                onResponderRelease={[Function]}
                onResponderTerminate={[Function]}
                onResponderTerminationRequest={[Function]}
                onStartShouldSetResponder={[Function]}
                style={
                  {
                    "alignContent": "center",
                    "flexDirection": "row",
                    "marginRight": -20,
                    "marginTop": 8,
                    "opacity": 1,
                    "width": "100%",
                  }
                }
                testID="undefined_a"
              >
                <View>
                  <View
                    style={
                      {
                        "alignItems": "center",
                        "alignSelf": "flex-start",
                        "borderColor": "#4263eb",
                        "borderRadius": 10,
                        "borderStyle": "solid",
                        "borderWidth": 2,
                        "flexDirection": "row",
                        "height": 20,
                        "width": 20,
                      }
                    }
                    testID="non_animatableView"
                  >
                    <View>
                      <View>
                        <Text
                          accessible={false}
                          size={16}
                          style={
                            [
                              {
                                "color": undefined,
                              },
                              {
                                "color": "#4263eb",
                                "paddingBottom": 0,
                                "paddingLeft": 0,
                                "paddingRight": 0,
                                "paddingTop": 0,
                              },
                              {
                                "transform": [
                                  {
                                    "rotate": "0deg",
                                  },
                                ],
                              },
                            ]
                          }
                          testID="undefined_icon"
                        >
                          fiber-manual-record
                        </Text>
                      </View>
                    </View>
                  </View>
                </View>
                <Text
                  accessible={false}
                  style={
                    {
                      "alignSelf": "center",
                      "color": "#888888",
                      "fontFamily": "Roboto",
                      "fontSize": 16,
                      "marginLeft": 8,
                    }
                  }
                  testID="undefined_caption"
                >
                  name1
                </Text>
              </View>
            </View>
          </View>
        </View>
      </View>
    </RCTScrollView>
  </View>
</RCTScrollView>
`;
