// Jest Snapshot v1, https://goo.gl/fbAQLP

exports[`Test Slider component should render the slider component  1`] = `
[
  <View
    onLayout={[Function]}
    style={
      {
        "height": 0,
        "width": 0,
      }
    }
  />,
  <View
    style={{}}
  >
    <View
      style={
        {
          "flexDirection": "row",
          "justifyContent": "space-between",
        }
      }
    >
      <Text
        accessible={false}
        style={
          [
            {
              "fontFamily": "Roboto",
              "fontSize": 16,
              "userSelect": "text",
            },
            {},
          ]
        }
        testID="test_Slider_min"
      >
        10
      </Text>
      <Text
        accessible={false}
        style={
          [
            {
              "fontFamily": "Roboto",
              "fontSize": 16,
              "userSelect": "text",
            },
            {},
          ]
        }
        testID="test_Slider_value"
      />
      <Text
        accessible={false}
        style={
          [
            {
              "fontFamily": "Roboto",
              "fontSize": 16,
              "userSelect": "text",
            },
            {},
          ]
        }
        testID="test_Slider_max"
      >
        30
      </Text>
    </View>
    <View
      accessibilityState={
        {
          "busy": undefined,
          "checked": undefined,
          "disabled": undefined,
          "expanded": undefined,
          "selected": undefined,
        }
      }
      accessibilityValue={
        {
          "max": undefined,
          "min": undefined,
          "now": undefined,
          "text": undefined,
        }
      }
      accessible={true}
      collapsable={false}
      focusable={false}
      onClick={[Function]}
      onLayout={[Function]}
      onResponderGrant={[Function]}
      onResponderMove={[Function]}
      onResponderRelease={[Function]}
      onResponderTerminate={[Function]}
      onResponderTerminationRequest={[Function]}
      onStartShouldSetResponder={[Function]}
      style={
        {
          "borderRadius": 4,
          "flexDirection": "row",
          "height": 4,
          "marginVertical": 8,
          "minWidth": 160,
          "opacity": 1,
          "overflow": "hidden",
          "position": "relative",
          "width": "100%",
        }
      }
      testID="test_Slider"
    >
      <View
        collapsable={false}
        style={
          {
            "backgroundColor": "#4263eb",
            "borderBottomLeftRadius": 4,
            "borderTopLeftRadius": 4,
            "height": "100%",
            "position": "absolute",
            "transform": [
              {
                "translateX": -0,
              },
            ],
            "width": 0,
          }
        }
      />
      <View
        collapsable={false}
        style={
          {
            "backgroundColor": "#ffffff",
            "borderBottomRightRadius": 4,
            "borderTopRightRadius": 4,
            "flex": 1,
            "height": "100%",
            "position": "absolute",
            "transform": [
              {
                "translateX": 0,
              },
            ],
            "width": 0,
          }
        }
      />
    </View>
    <View
      style={
        {
          "flexDirection": "row",
        }
      }
    >
      <View
        onLayout={[Function]}
        style={
          {
            "height": 0,
            "width": 0,
          }
        }
      />
      <View
        style={
          {
            "position": "relative",
          }
        }
      >
        <View
          accessibilityLabel="Thumb"
          accessible={true}
          collapsable={false}
          style={
            {
              "backgroundColor": "#4263eb",
              "backgroundPosition": "center",
              "backgroundSize": "100% 100%",
              "borderRadius": 16,
              "height": 20,
              "left": 0,
              "marginLeft": -10,
              "marginTop": -20,
              "position": "absolute",
              "transform": [
                {
                  "translateX": 0,
                },
              ],
              "width": 20,
            }
          }
        />
      </View>
    </View>
  </View>,
]
`;
