// Jest Snapshot v1, https://goo.gl/fbAQLP

exports[`Test PageContent component should render pageContent component 1`] = `
<View
  style={
    {
      "backgroundColor": "#eeeeee",
      "borderBottomLeftRadius": undefined,
      "borderBottomRightRadius": undefined,
      "borderRadius": undefined,
      "borderTopLeftRadius": undefined,
      "borderTopRightRadius": undefined,
      "height": "100%",
      "width": "100%",
    }
  }
>
  <View
    onLayout={[Function]}
    style={
      [
        {
          "flex": 1,
        },
        {
          "paddingBottom": 0,
        },
      ]
    }
  >
    <RCTScrollView
      alwaysBounceHorizontal={false}
      alwaysBounceVertical={false}
      bounces={false}
      collapsable={false}
      contentContainerStyle={
        [
          {
            "backgroundColor": "#eeeeee",
            "minHeight": "100%",
            "paddingBottom": 8,
            "paddingLeft": 8,
            "paddingRight": 8,
            "paddingTop": 8,
          },
          {
            "backgroundColor": "transparent",
            "paddingBottom": 8,
            "paddingTop": 8,
          },
        ]
      }
      keyboardShouldPersistTaps="never"
      onLayout={[Function]}
      onScroll={[MockFunction]}
      onScrollEndDrag={[Function]}
      overScrollMode="never"
      removeClippedSubviews={false}
      scrollEventThrottle={0.0001}
      showsVerticalScrollIndicator={true}
      testID="test_Navbar_page_content_scrollview"
    >
      <View />
    </RCTScrollView>
  </View>
</View>
`;
