// Jest Snapshot v1, https://goo.gl/fbAQLP

exports[`Test Tabheader component Check validity of sample component 1`] = `
<View
  style={
    {
      "overflow": "hidden",
      "zIndex": 16,
    }
  }
>
  <View
    collapsable={false}
    onLayout={[Function]}
    style={
      {
        "transform": [
          {
            "translateX": 0,
          },
        ],
      }
    }
  >
    <View
      style={
        {
          "backgroundColor": "#ffffff",
          "flexDirection": "row",
          "minWidth": "100%",
          "overflow": "visible",
        }
      }
    />
    <View
      collapsable={false}
      style={
        {
          "backgroundColor": "#4263eb",
          "height": 2,
          "marginTop": -2,
          "transform": [
            {
              "translateX": 0,
            },
            {
              "scaleX": 0,
            },
          ],
          "width": 100,
        }
      }
    >
      <View
        collapsable={false}
        style={
          {
            "backgroundImage": "",
            "backgroundPosition": "center",
            "backgroundRepeat": "no-repeat",
            "backgroundSize": "100% 100%",
            "display": "none",
            "transform": [
              {
                "scaleX": 0,
              },
            ],
          }
        }
      >
        <View
          style={
            {
              "display": "none",
            }
          }
        />
      </View>
    </View>
  </View>
</View>
`;
